[
    {
        "identifier": "69417a29-7415-4374-8969-6b66cd096e8e",
        "title": "RESTful Webservices in Symfony",
        "workshop_date": "2021-04-14",
        "attendees": []
    }
]
