[
    {
        "identifier": "da05250a-0af5-40ed-a546-a36db383e2cc",
        "firstname": "Jan",
        "lastname": "Sch\u00e4dlich",
        "email": "jschaedlich@eos-uptrade.de",
        "workshops": []
    }
]
