{
    "identifier": "470eefeb-6847-4098-9b6c-14be8e09a82e",
    "firstname": "Jan",
    "lastname": "Sch\u00e4dlich",
    "email": "jschaedlich@eos-uptrade.de"
}
